C_CAN_LOCKON_TARGET = 34330
C_CHAT = 45864
C_CHECK_VERSION = 19900
C_GET_USER_LIST = 34987
C_MEET_BOSS_INFO = 35902
C_PLAYER_LOCATION = 54643
C_REQUEST_NONDB_ITEM_INFO = 49042
C_RETURN_TO_LOBBY = 27250
C_SELECT_USER = 41724
C_START_SKILL = 62440
C_START_TARGETED_SKILL = 37064
C_TRY_LOOT_DROPITEM = 62519
C_USE_ITEM = 30308
S_ACTION_STAGE = 30358
S_BOSS_GAGE_INFO = 31313
S_CAN_LOCKON_TARGET = 24117
S_CHAT = 63115
S_CHECK_VERSION = 19901
S_DESPAWN_DROPITEM = 33301
S_DUNGEON_EVENT_MESSAGE = 50944
S_GET_USER_LIST = 47332
S_LEAVE_PARTY = 57305
S_LOAD_TOPO = 55041
S_LOGIN = 39559
S_MY_DESCRIPTION = 58587
S_NPC_MENU_SELECT = 31401
S_PARTY_MEMBER_CHANGE_HP = 27532
S_PARTY_MEMBER_LIST = 45030
S_PLAYER_CHANGE_MP = 36659
S_PREPARE_RETURN_TO_LOBBY = 33768
S_QUEST_BALLOON = 26738
S_REPLY_NONDB_ITEM_INFO = 45238
S_REQUEST_STYLE_SHOP_MARK_PRODUCTLIST = 48467
S_RETURN_TO_LOBBY = 31662
S_SPAWN_DROPITEM = 46323
S_START_COOLTIME_ITEM = 28639
S_SYSTEM_MESSAGE = 41068
S_USER_EXTERNAL_CHANGE = 37252
S_USER_LOCATION = 36733